[preview.colorlib.com/theme/appy/index.html]
[backblue.gif]
[fade.gif]
[index.html]
[preview.colorlib.com/theme/appy/images/apple-touch-icon.png]
[preview.colorlib.com/theme/appy/images/favicon.ico]
[preview.colorlib.com/theme/appy/css/bootstrap.min.css]
[preview.colorlib.com/theme/appy/css/owl.carousel.min.css]
[preview.colorlib.com/theme/appy/css/linearicons.css]
[preview.colorlib.com/theme/appy/css/magnific-popup.css]
[preview.colorlib.com/theme/appy/css/animate.css]
[preview.colorlib.com/theme/appy/css/normalize.css]
[preview.colorlib.com/theme/appy/style.css]
[preview.colorlib.com/theme/appy/css/responsive.css]
[preview.colorlib.com/theme/appy/js/vendor/modernizr-2.8.3.min.js]
[preview.colorlib.com/theme/appy/images/logo.png]
[preview.colorlib.com/theme/appy/blog.html]
[preview.colorlib.com/theme/appy/images/header-mobile.png]
[preview.colorlib.com/theme/appy/images/about-logo.png]
[preview.colorlib.com/theme/appy/images/progress-phone.png]
[preview.colorlib.com/theme/appy/images/video-image.jpg]
[preview.colorlib.com/theme/appy/images/play-button.png]
[preview.colorlib.com/theme/appy/images/feature-image.png]
[preview.colorlib.com/theme/appy/images/team-1.png]
[preview.colorlib.com/theme/appy/images/team-2.jpg]
[preview.colorlib.com/theme/appy/images/team-3.jpg]
[preview.colorlib.com/theme/appy/images/gallery-1.jpg]
[preview.colorlib.com/theme/appy/images/gallery-2.jpg]
[preview.colorlib.com/theme/appy/images/gallery-3.jpg]
[preview.colorlib.com/theme/appy/images/gallery-4.jpg]
[preview.colorlib.com/theme/appy/images/download-image.png]
[preview.colorlib.com/theme/appy/images/apple-icon.png]
[preview.colorlib.com/theme/appy/images/play-store-icon.png]
[preview.colorlib.com/cdn-cgi/scripts/5c5dd728/cloudflare-static/email-decode.min.js]
[preview.colorlib.com/theme/appy/js/vendor/jquery-1.12.4.min.js]
[preview.colorlib.com/theme/appy/js/vendor/jquery-ui.js]
[preview.colorlib.com/theme/appy/js/vendor/bootstrap.min.js]
[preview.colorlib.com/theme/appy/js/owl.carousel.min.js]
[preview.colorlib.com/theme/appy/js/contact-form.js]
[preview.colorlib.com/theme/appy/js/ajaxchimp.js]
[preview.colorlib.com/theme/appy/js/scrollUp.min.js]
[preview.colorlib.com/theme/appy/js/magnific-popup.min.js]
[preview.colorlib.com/theme/appy/js/wow.min.js]
[preview.colorlib.com/theme/appy/js/main.js]
[preview.colorlib.com/theme/appy/index.html]
[preview.colorlib.com/theme/appy/fonts/glyphicons-halflings-regular.eot]
[preview.colorlib.com/theme/appy/fonts/glyphicons-halflings-regulard41d.eot]
[preview.colorlib.com/theme/appy/fonts/glyphicons-halflings-regular.woff2]
[preview.colorlib.com/theme/appy/fonts/glyphicons-halflings-regular.woff]
[preview.colorlib.com/theme/appy/fonts/glyphicons-halflings-regular.ttf]
[preview.colorlib.com/theme/appy/fonts/glyphicons-halflings-regular.svg]
[preview.colorlib.com/theme/appy/css/bootstrap.min.css]
[preview.colorlib.com/theme/appy/css/owl.video.play.png]
[preview.colorlib.com/theme/appy/css/owl.carousel.min.css]
[preview.colorlib.com/theme/appy/fonts/Linearicons-Freed41d.eot]
[preview.colorlib.com/theme/appy/fonts/Linearicons-Free54e9.woff2]
[preview.colorlib.com/theme/appy/fonts/Linearicons-Free54e9.eot]
[preview.colorlib.com/theme/appy/fonts/Linearicons-Free54e9.woff]
[preview.colorlib.com/theme/appy/fonts/Linearicons-Free54e9.ttf]
[preview.colorlib.com/theme/appy/css/linearicons.css]
[preview.colorlib.com/theme/appy/css/magnific-popup.css]
[preview.colorlib.com/theme/appy/css/animate.css]
[preview.colorlib.com/theme/appy/css/normalize.css]
[preview.colorlib.com/theme/appy/fonts/Linearicons-Free54e9.svg]
[preview.colorlib.com/theme/appy/images/header-bg.jpg]
[preview.colorlib.com/theme/appy/images/progress-bg.jpg]
[preview.colorlib.com/theme/appy/images/video-bg.jpg]
[preview.colorlib.com/theme/appy/images/feature-bg.png]
[preview.colorlib.com/theme/appy/images/mobile-screen.png]
[preview.colorlib.com/theme/appy/images/download-bg.png]
[preview.colorlib.com/theme/appy/images/subscribe-bg.jpg]
[preview.colorlib.com/theme/appy/style.css]
[preview.colorlib.com/theme/appy/css/responsive.css]
[preview.colorlib.com/theme/appy/index-2.html]
[preview.colorlib.com/theme/appy/images/sticky-image.jpg]
[preview.colorlib.com/theme/appy/single.html]
[preview.colorlib.com/theme/appy/images/blog-1.jpg]
[preview.colorlib.com/theme/appy/images/blog-2.jpg]
[preview.colorlib.com/theme/appy/images/blog-3.jpg]
[preview.colorlib.com/theme/appy/images/blog-4.jpg]
[preview.colorlib.com/theme/appy/images/blog-5.jpg]
[preview.colorlib.com/theme/appy/images/blog-6.jpg]
[preview.colorlib.com/theme/appy/blog.html]
[preview.colorlib.com/theme/appy/fonts/glyphicons-halflings-regular.html]
[preview.colorlib.com/theme/appy/fonts/glyphicons-halflings-regulard41d.html]
[preview.colorlib.com/theme/appy/fonts/glyphicons-halflings-regular-2.html]
[preview.colorlib.com/theme/appy/fonts/glyphicons-halflings-regular-3.html]
[preview.colorlib.com/theme/appy/fonts/glyphicons-halflings-regular-4.html]
[preview.colorlib.com/theme/appy/fonts/glyphicons-halflings-regular-5.html]
[preview.colorlib.com/theme/appy/css/owl.video.play.html]
[preview.colorlib.com/theme/appy/fonts/Linearicons-Free54e9.svg]
[preview.colorlib.com/theme/appy/index-2.html]
[preview.colorlib.com/theme/appy/images/comment-image.jpg]
[preview.colorlib.com/theme/appy/single.html]
